// Vitest/Jest snapshot v1
exports[`ProposalDetail modal snapshot regression matches snapshot — no wallet connected 1`] = `
<div>
  <div />
</div>
`;

exports[`ProposalDetail modal snapshot regression matches snapshot — wallet connected 1`] = `
<div>
  <div />
</div>
`;

exports[`ProposalDetail modal snapshot regression matches snapshot — Passed state 1`] = `
<div>
  <div />
</div>
`;
